------------------------------------------------------------
TimeQuest Timing Analyzer Summary
------------------------------------------------------------

Type  : Slow 1200mV 85C Model Setup 'i_clock'
Slack : -1.393
TNS   : -30.216

Type  : Slow 1200mV 85C Model Hold 'i_clock'
Slack : 0.452
TNS   : 0.000

Type  : Slow 1200mV 85C Model Recovery 'i_clock'
Slack : -0.502
TNS   : -6.024

Type  : Slow 1200mV 85C Model Removal 'i_clock'
Slack : 1.009
TNS   : 0.000

Type  : Slow 1200mV 85C Model Minimum Pulse Width 'i_clock'
Slack : -3.000
TNS   : -40.265

Type  : Slow 1200mV 0C Model Setup 'i_clock'
Slack : -1.174
TNS   : -25.072

Type  : Slow 1200mV 0C Model Hold 'i_clock'
Slack : 0.417
TNS   : 0.000

Type  : Slow 1200mV 0C Model Recovery 'i_clock'
Slack : -0.354
TNS   : -4.248

Type  : Slow 1200mV 0C Model Removal 'i_clock'
Slack : 0.912
TNS   : 0.000

Type  : Slow 1200mV 0C Model Minimum Pulse Width 'i_clock'
Slack : -3.000
TNS   : -40.265

Type  : Fast 1200mV 0C Model Setup 'i_clock'
Slack : -0.158
TNS   : -2.600

Type  : Fast 1200mV 0C Model Hold 'i_clock'
Slack : 0.200
TNS   : 0.000

Type  : Fast 1200mV 0C Model Recovery 'i_clock'
Slack : 0.253
TNS   : 0.000

Type  : Fast 1200mV 0C Model Removal 'i_clock'
Slack : 0.492
TNS   : 0.000

Type  : Fast 1200mV 0C Model Minimum Pulse Width 'i_clock'
Slack : -3.000
TNS   : -33.769

------------------------------------------------------------
